============================= test session starts =============================
platform win32 -- Python 3.13.0, pytest-9.1.1, pluggy-1.6.0 -- C:\Program Files\Python313\python.exe
cachedir: .pytest_cache
rootdir: C:\Users\AgotaStraukaite\.copilot\chats\39969f8e-4918-4663-899d-f248a6ddd5e4
collecting ... collected 14 items

tests/test_logsum.py::TestGrouping::test_identical_events_grouped PASSED [  7%]
tests/test_logsum.py::TestNormalization::test_level_case_normalization PASSED [ 14%]
tests/test_logsum.py::TestNormalization::test_message_whitespace_stripping PASSED [ 21%]
tests/test_logsum.py::TestAggregation::test_count_aggregation PASSED     [ 28%]
tests/test_logsum.py::TestAggregation::test_first_seen_aggregation PASSED [ 35%]
tests/test_logsum.py::TestAggregation::test_last_seen_aggregation PASSED [ 42%]
tests/test_logsum.py::TestEdgeCases::test_empty_input_creates_header_only PASSED [ 50%]
tests/test_logsum.py::TestEdgeCases::test_missing_level_skipped PASSED   [ 57%]
tests/test_logsum.py::TestEdgeCases::test_malformed_timestamp_skipped FAILED [ 64%]
tests/test_logsum.py::TestCLI::test_missing_input_file_returns_1 PASSED  [ 71%]
tests/test_logsum.py::TestCLI::test_required_arguments PASSED            [ 78%]
tests/test_logsum.py::TestCLI::test_success_exit_code PASSED             [ 85%]
tests/test_logsum.py::TestOutputFormat::test_output_has_required_columns PASSED [ 92%]
tests/test_logsum.py::TestOutputFormat::test_iso8601_timestamp_format_in_output PASSED [100%]

================================== FAILURES ===================================
_______________ TestEdgeCases.test_malformed_timestamp_skipped ________________

self = <test_logsum.TestEdgeCases object at 0x000001303D28E8B0>
malformed_timestamp_csv = (WindowsPath('C:/Users/AgotaStraukaite/AppData/Local/Temp/pytest-of-AgotaStraukaite/pytest-0/test_malformed_timestamp_...raukaite/AppData/Local/Temp/pytest-of-AgotaStraukaite/pytest-0/test_malformed_timestamp_skipp0/data/malformed_ts.csv'))
tmp_path = WindowsPath('C:/Users/AgotaStraukaite/AppData/Local/Temp/pytest-of-AgotaStraukaite/pytest-0/test_malformed_timestamp_skipp0')

>   ???
E   AssertionError: Only the good row should be in output
E   assert 2 == 1
E    +  where 2 = len([{'level': 'ERROR', 'service': 'svc', 'message': 'also bad', 'count': '1', ...}, {'level': 'INFO', 'service': 'svc', 'message': 'good', 'count': '1', ...}])

C:\Users\AgotaStraukaite\.copilot\chats\39969f8e-4918-4663-899d-f248a6ddd5e4\tests\test_logsum.py:286: AssertionError
=========================== short test summary info ===========================
FAILED tests/test_logsum.py::TestEdgeCases::test_malformed_timestamp_skipped
======================== 1 failed, 13 passed in 9.31s =========================
